flydoom M9 — closed-loop behaviour
============================================================================
1 seeds x 700 tics (20 s) x 1 scenarios, 4 arms

health_gathering_supreme
FLYDOOM_OPTIC_INH_SCALE=2 applied to 632,593 inhibitory edges onto vision
/home/mutkuoz/Documents/flydoom/flydoom/lif.py:299: UserWarning: Sparse invariant checks are implicitly disabled. Memory errors (e.g. SEGFAULT) will occur when operating on a sparse tensor which violates the invariants, but checks incur performance overhead. To silence this warning, explicitly opt in or out. See `torch.sparse.check_sparse_tensor_invariants.__doc__` for guidance.  (Triggered internally at /__w/pytorch/pytorch/aten/src/ATen/Context.cpp:816.)
  m = torch.sparse_coo_tensor(
/home/mutkuoz/Documents/flydoom/flydoom/lif.py:301: UserWarning: Sparse CSR tensor support is in beta state. If you miss a functionality in the sparse tensor support, please submit a feature request to https://github.com/pytorch/pytorch/issues. (Triggered internally at /__w/pytorch/pytorch/aten/src/ATen/SparseCsrTensorImpl.cpp:49.)
  mats.append(m.to_sparse_csr())
FLYDOOM_OPTIC_INH_SCALE=2 applied to 632,593 inhibitory edges onto vision
  seed 50: tiles   12  healed     0  hp     6

                             connectome        shuffled          random           still
  tiles visited                 12.0 ±0          8.0 ±0         29.0 ±0          1.0 ±0
  path (map units)               865 ±0          551 ±0         2223 ±0            0 ±0
  tiles / 1k path              13.87 ±0        14.51 ±0        13.05 ±0      1000.00 ±0
  health picked up               0.0 ±0          0.0 ±0         40.0 ±0          0.0 ±0
  damage taken                  86.0 ±0         64.0 ±0        128.0 ±0         88.0 ±0
  final health                   6.0 ±0         28.0 ±0          4.0 ±0          4.0 ±0
  kills                         0.00 ±0         0.00 ±0         0.00 ±0         0.00 ±0
  tics survived                  256 ±0          265 ±0          544 ±0          384 ±0
  wall hits / 1k tics           15.7 ±0          0.0 ±0          5.5 ±0          0.0 ±0
  stuck when walking            6.6% ±0         0.0% ±0         3.1% ±0         0.0% ±0
  tics between hits             63.8 ±0        264.0 ±0        181.0 ±0        383.0 ±0

  wrote paper/data/behav4/arm4_regional_shards/seed050.json

ACCEPTANCE
  PASS  health_gathering_supreme: yaw command is not pinned at its clamp   6% of tics
  PASS  health_gathering_supreme: forward command is not pinned at its clamp   0% of tics
  FAIL  health_gathering_supreme: lateral command is not pinned at its clamp   35% of tics
  PASS  health_gathering_supreme: not locked in a constant spin   mean sign 0.39
  FAIL  health_gathering_supreme: explores more than matched random   12 vs 29 tiles
  FAIL  health_gathering_supreme: survives longer than matched random   256 vs 544 tics
  FAIL  health_gathering_supreme: hits walls less than matched random   15.7 vs 5.5 per 1k tics
  PASS  health_gathering_supreme: steering is coupled to what the eyes see   |r| = 0.289 at best lag
        health_gathering_supreme: intact vs shuffled   12 vs 8 tiles   (intact ahead)

VERDICT: UNSTABLE

Read the last two checks per scenario, not the stability ones. Stability only
says the decoder is not clipping or spinning.

Wall avoidance is the behavioural read-out of M3 and M4: a fly steers away from
a looming wall using optic-flow expansion, which is the computation those two
milestones show this model cannot perform. `vision_steer_r` is the same
question one level lower down -- whether the turn command is coupled to the
left-right luminance difference on the retinas at all. A near-zero correlation
there is the mechanism behind a negative wall-avoidance result, and both are
results rather than bugs.
