flydoom M9 — closed-loop behaviour
============================================================================
1 seeds x 700 tics (20 s) x 1 scenarios, 4 arms

health_gathering_supreme
/home/mutkuoz/Documents/flydoom/flydoom/lif.py:299: UserWarning: Sparse invariant checks are implicitly disabled. Memory errors (e.g. SEGFAULT) will occur when operating on a sparse tensor which violates the invariants, but checks incur performance overhead. To silence this warning, explicitly opt in or out. See `torch.sparse.check_sparse_tensor_invariants.__doc__` for guidance.  (Triggered internally at /__w/pytorch/pytorch/aten/src/ATen/Context.cpp:816.)
  m = torch.sparse_coo_tensor(
/home/mutkuoz/Documents/flydoom/flydoom/lif.py:301: UserWarning: Sparse CSR tensor support is in beta state. If you miss a functionality in the sparse tensor support, please submit a feature request to https://github.com/pytorch/pytorch/issues. (Triggered internally at /__w/pytorch/pytorch/aten/src/ATen/SparseCsrTensorImpl.cpp:49.)
  mats.append(m.to_sparse_csr())
  seed 48: tiles   15  healed    20  hp     8

                             connectome        shuffled          random           still
  tiles visited                 15.0 ±0         47.0 ±0         18.0 ±0          1.0 ±0
  path (map units)               990 ±0         2530 ±0         1162 ±0            0 ±0
  tiles / 1k path              15.16 ±0        18.57 ±0        15.49 ±0      1000.00 ±0
  health picked up              20.0 ±0         60.0 ±0          0.0 ±0          0.0 ±0
  damage taken                 104.0 ±0        144.0 ±0         88.0 ±0         88.0 ±0
  final health                   8.0 ±0          8.0 ±0          4.0 ±0          4.0 ±0
  kills                         0.00 ±0         0.00 ±0         0.00 ±0         0.00 ±0
  tics survived                  448 ±0          608 ±0          384 ±0          384 ±0
  wall hits / 1k tics           20.1 ±0          9.9 ±0         15.7 ±0          0.0 ±0
  stuck when walking           38.3% ±0         8.8% ±0        18.8% ±0         0.0% ±0
  tics between hits             49.7 ±0        101.2 ±0         63.8 ±0        383.0 ±0

  wrote paper/data/behav4/arm1_frozen_shards/seed048.json

ACCEPTANCE
  PASS  health_gathering_supreme: yaw command is not pinned at its clamp   0% of tics
  PASS  health_gathering_supreme: forward command is not pinned at its clamp   0% of tics
  PASS  health_gathering_supreme: lateral command is not pinned at its clamp   3% of tics
  PASS  health_gathering_supreme: not locked in a constant spin   mean sign 0.11
  FAIL  health_gathering_supreme: explores more than matched random   15 vs 18 tiles
  PASS  health_gathering_supreme: survives longer than matched random   448 vs 384 tics
  FAIL  health_gathering_supreme: hits walls less than matched random   20.1 vs 15.7 per 1k tics
  FAIL  health_gathering_supreme: steering is coupled to what the eyes see   |r| = 0.094 at best lag
  NOTE  health_gathering_supreme: intact vs shuffled   15 vs 47 tiles   (SHUFFLED AHEAD)

VERDICT: stable

Read the last two checks per scenario, not the stability ones. Stability only
says the decoder is not clipping or spinning.

Wall avoidance is the behavioural read-out of M3 and M4: a fly steers away from
a looming wall using optic-flow expansion, which is the computation those two
milestones show this model cannot perform. `vision_steer_r` is the same
question one level lower down -- whether the turn command is coupled to the
left-right luminance difference on the retinas at all. A near-zero correlation
there is the mechanism behind a negative wall-avoidance result, and both are
results rather than bugs.
