flydoom M9 — closed-loop behaviour
============================================================================
1 seeds x 700 tics (20 s) x 1 scenarios, 4 arms

health_gathering_supreme
/home/mutkuoz/Documents/flydoom/flydoom/lif.py:299: UserWarning: Sparse invariant checks are implicitly disabled. Memory errors (e.g. SEGFAULT) will occur when operating on a sparse tensor which violates the invariants, but checks incur performance overhead. To silence this warning, explicitly opt in or out. See `torch.sparse.check_sparse_tensor_invariants.__doc__` for guidance.  (Triggered internally at /__w/pytorch/pytorch/aten/src/ATen/Context.cpp:816.)
  m = torch.sparse_coo_tensor(
/home/mutkuoz/Documents/flydoom/flydoom/lif.py:301: UserWarning: Sparse CSR tensor support is in beta state. If you miss a functionality in the sparse tensor support, please submit a feature request to https://github.com/pytorch/pytorch/issues. (Triggered internally at /__w/pytorch/pytorch/aten/src/ATen/SparseCsrTensorImpl.cpp:49.)
  mats.append(m.to_sparse_csr())
  seed 66: tiles   11  healed    16  hp     4

                             connectome        shuffled          random           still
  tiles visited                 11.0 ±0         30.0 ±0         27.0 ±0          1.0 ±0
  path (map units)               898 ±0         1629 ±0         1446 ±0            0 ±0
  tiles / 1k path              12.25 ±0        18.41 ±0        18.68 ±0      1000.00 ±0
  health picked up              16.0 ±0         20.0 ±0          0.0 ±0          0.0 ±0
  damage taken                 104.0 ±0        104.0 ±0         88.0 ±0         88.0 ±0
  final health                   4.0 ±0          8.0 ±0          4.0 ±0          4.0 ±0
  kills                         0.00 ±0         0.00 ±0         0.00 ±0         0.00 ±0
  tics survived                  448 ±0          448 ±0          384 ±0          384 ±0
  wall hits / 1k tics           24.6 ±0         13.4 ±0         10.4 ±0          0.0 ±0
  stuck when walking           41.7% ±0        28.0% ±0         6.5% ±0         0.0% ±0
  tics between hits             40.6 ±0         74.5 ±0         95.8 ±0        383.0 ±0

  wrote paper/data/behav4/arm1_frozen_shards/seed066.json

ACCEPTANCE
  PASS  health_gathering_supreme: yaw command is not pinned at its clamp   0% of tics
  PASS  health_gathering_supreme: forward command is not pinned at its clamp   0% of tics
  PASS  health_gathering_supreme: lateral command is not pinned at its clamp   2% of tics
  PASS  health_gathering_supreme: not locked in a constant spin   mean sign 0.00
  FAIL  health_gathering_supreme: explores more than matched random   11 vs 27 tiles
  PASS  health_gathering_supreme: survives longer than matched random   448 vs 384 tics
  FAIL  health_gathering_supreme: hits walls less than matched random   24.6 vs 10.4 per 1k tics
  FAIL  health_gathering_supreme: steering is coupled to what the eyes see   |r| = 0.169 at best lag
  NOTE  health_gathering_supreme: intact vs shuffled   11 vs 30 tiles   (SHUFFLED AHEAD)

VERDICT: stable

Read the last two checks per scenario, not the stability ones. Stability only
says the decoder is not clipping or spinning.

Wall avoidance is the behavioural read-out of M3 and M4: a fly steers away from
a looming wall using optic-flow expansion, which is the computation those two
milestones show this model cannot perform. `vision_steer_r` is the same
question one level lower down -- whether the turn command is coupled to the
left-right luminance difference on the retinas at all. A near-zero correlation
there is the mechanism behind a negative wall-avoidance result, and both are
results rather than bugs.
