flydoom M9 — closed-loop behaviour
============================================================================
1 seeds x 700 tics (20 s) x 1 scenarios, 4 arms

health_gathering_supreme
/home/mutkuoz/Documents/flydoom/flydoom/lif.py:299: UserWarning: Sparse invariant checks are implicitly disabled. Memory errors (e.g. SEGFAULT) will occur when operating on a sparse tensor which violates the invariants, but checks incur performance overhead. To silence this warning, explicitly opt in or out. See `torch.sparse.check_sparse_tensor_invariants.__doc__` for guidance.  (Triggered internally at /__w/pytorch/pytorch/aten/src/ATen/Context.cpp:816.)
  m = torch.sparse_coo_tensor(
/home/mutkuoz/Documents/flydoom/flydoom/lif.py:301: UserWarning: Sparse CSR tensor support is in beta state. If you miss a functionality in the sparse tensor support, please submit a feature request to https://github.com/pytorch/pytorch/issues. (Triggered internally at /__w/pytorch/pytorch/aten/src/ATen/SparseCsrTensorImpl.cpp:49.)
  mats.append(m.to_sparse_csr())
  seed 50: tiles   24  healed    40  hp     4

                             connectome        shuffled          random           still
  tiles visited                 24.0 ±0         24.0 ±0         13.0 ±0          1.0 ±0
  path (map units)              2273 ±0         1322 ±0         1392 ±0            0 ±0
  tiles / 1k path              10.56 ±0        18.15 ±0         9.34 ±0      1000.00 ±0
  health picked up              40.0 ±0         16.0 ±0         20.0 ±0          0.0 ±0
  damage taken                 128.0 ±0        102.0 ±0        104.0 ±0         88.0 ±0
  final health                   4.0 ±0          6.0 ±0          8.0 ±0          4.0 ±0
  kills                         0.00 ±0         0.00 ±0         0.00 ±0         0.00 ±0
  tics survived                  544 ±0          320 ±0          448 ±0          384 ±0
  wall hits / 1k tics            3.7 ±0         15.7 ±0         15.7 ±0          0.0 ±0
  stuck when walking            2.1% ±0         5.0% ±0        22.8% ±0         0.0% ±0
  tics between hits            271.5 ±0         63.8 ±0         63.9 ±0        383.0 ±0

  wrote paper/data/behav4/arm1_frozen_shards/seed050.json

ACCEPTANCE
  PASS  health_gathering_supreme: yaw command is not pinned at its clamp   15% of tics
  PASS  health_gathering_supreme: forward command is not pinned at its clamp   0% of tics
  FAIL  health_gathering_supreme: lateral command is not pinned at its clamp   33% of tics
  PASS  health_gathering_supreme: not locked in a constant spin   mean sign 0.39
  PASS  health_gathering_supreme: explores more than matched random   24 vs 13 tiles
  PASS  health_gathering_supreme: survives longer than matched random   544 vs 448 tics
  PASS  health_gathering_supreme: hits walls less than matched random   3.7 vs 15.7 per 1k tics
  FAIL  health_gathering_supreme: steering is coupled to what the eyes see   |r| = 0.147 at best lag
  NOTE  health_gathering_supreme: intact vs shuffled   24 vs 24 tiles   (SHUFFLED AHEAD)

VERDICT: UNSTABLE

Read the last two checks per scenario, not the stability ones. Stability only
says the decoder is not clipping or spinning.

Wall avoidance is the behavioural read-out of M3 and M4: a fly steers away from
a looming wall using optic-flow expansion, which is the computation those two
milestones show this model cannot perform. `vision_steer_r` is the same
question one level lower down -- whether the turn command is coupled to the
left-right luminance difference on the retinas at all. A near-zero correlation
there is the mechanism behind a negative wall-avoidance result, and both are
results rather than bugs.
