flydoom M9 — closed-loop behaviour
============================================================================
1 seeds x 700 tics (20 s) x 1 scenarios, 4 arms

health_gathering_supreme
/home/mutkuoz/Documents/flydoom/flydoom/lif.py:299: UserWarning: Sparse invariant checks are implicitly disabled. Memory errors (e.g. SEGFAULT) will occur when operating on a sparse tensor which violates the invariants, but checks incur performance overhead. To silence this warning, explicitly opt in or out. See `torch.sparse.check_sparse_tensor_invariants.__doc__` for guidance.  (Triggered internally at /__w/pytorch/pytorch/aten/src/ATen/Context.cpp:816.)
  m = torch.sparse_coo_tensor(
/home/mutkuoz/Documents/flydoom/flydoom/lif.py:301: UserWarning: Sparse CSR tensor support is in beta state. If you miss a functionality in the sparse tensor support, please submit a feature request to https://github.com/pytorch/pytorch/issues. (Triggered internally at /__w/pytorch/pytorch/aten/src/ATen/SparseCsrTensorImpl.cpp:49.)
  mats.append(m.to_sparse_csr())
  seed 42: tiles   21  healed    16  hp     4

                             connectome        shuffled          random           still
  tiles visited                 21.0 ±0         21.0 ±0         22.0 ±0          1.0 ±0
  path (map units)              1303 ±0         1668 ±0         1916 ±0            0 ±0
  tiles / 1k path              16.12 ±0        12.59 ±0        11.49 ±0      1000.00 ±0
  health picked up              16.0 ±0         48.0 ±0         44.0 ±0          0.0 ±0
  damage taken                 104.0 ±0        136.0 ±0        128.0 ±0         88.0 ±0
  final health                   4.0 ±0          4.0 ±0          8.0 ±0          4.0 ±0
  kills                         0.00 ±0         0.00 ±0         0.00 ±0         0.00 ±0
  tics survived                  448 ±0          576 ±0          544 ±0          384 ±0
  wall hits / 1k tics           22.4 ±0         31.3 ±0          5.5 ±0          0.0 ±0
  stuck when walking           25.5% ±0        30.9% ±0         9.4% ±0         0.0% ±0
  tics between hits             44.7 ±0         31.9 ±0        181.0 ±0        383.0 ±0

  wrote paper/data/behav4/arm1_frozen_shards/seed042.json

ACCEPTANCE
  PASS  health_gathering_supreme: yaw command is not pinned at its clamp   0% of tics
  PASS  health_gathering_supreme: forward command is not pinned at its clamp   0% of tics
  PASS  health_gathering_supreme: lateral command is not pinned at its clamp   1% of tics
  PASS  health_gathering_supreme: not locked in a constant spin   mean sign 0.03
  FAIL  health_gathering_supreme: explores more than matched random   21 vs 22 tiles
  FAIL  health_gathering_supreme: survives longer than matched random   448 vs 544 tics
  FAIL  health_gathering_supreme: hits walls less than matched random   22.4 vs 5.5 per 1k tics
  FAIL  health_gathering_supreme: steering is coupled to what the eyes see   |r| = 0.081 at best lag
  NOTE  health_gathering_supreme: intact vs shuffled   21 vs 21 tiles   (SHUFFLED AHEAD)

VERDICT: stable

Read the last two checks per scenario, not the stability ones. Stability only
says the decoder is not clipping or spinning.

Wall avoidance is the behavioural read-out of M3 and M4: a fly steers away from
a looming wall using optic-flow expansion, which is the computation those two
milestones show this model cannot perform. `vision_steer_r` is the same
question one level lower down -- whether the turn command is coupled to the
left-right luminance difference on the retinas at all. A near-zero correlation
there is the mechanism behind a negative wall-avoidance result, and both are
results rather than bugs.
